# serializer version: 1
# name: test_extraction
  list([
    list([
      'eine ganze Epoche',
      list([
        'ATTR',
        'Epoche',
        'ganz',
      ]),
    ]),
    list([
      'ein Haus am Meer',
      list([
        'PP',
        'Haus',
        'Meer',
        'an',
      ]),
    ]),
    list([
      'Maßlosigkeit war die Folge.',
      list([
        'PREDC',
        'Folge',
        'Maßlosigkeit',
      ]),
    ]),
    list([
      'Ohne Morgen ist der Tag nicht denkbar.',
      list([
        'PREDC',
        'Tag',
        'denkbar',
      ]),
    ]),
    list([
      'Sie befindet ihn für schuldig.',
      list([
        'PRED',
        'schuldig',
        'befinden',
      ]),
    ]),
    list([
      'Analysten kritisieren die Begründung als wenig stichhaltig.',
      list([
        'ADV',
        'stichhaltig',
        'wenig',
      ]),
      list([
        'SUBJA',
        'kritisieren',
        'Analyst',
      ]),
      list([
        'OBJ',
        'kritisieren',
        'Begründung',
      ]),
      list([
        'PRED',
        'stichhaltig',
        'kritisieren',
      ]),
    ]),
    list([
      'Das ist das Ergebnis unserer gesamteuropäischen Geschichte.',
      list([
        'ATTR',
        'Geschichte',
        'gesamteuropäisch',
      ]),
    ]),
    list([
      'Diese Bilder wirkten wie ein Sog.',
      list([
        'SUBJA',
        'wirken',
        'Bild',
      ]),
    ]),
    list([
      'eine neue Zeit begann',
      list([
        'ATTR',
        'Zeit',
        'neu',
      ]),
      list([
        'SUBJA',
        'beginnen',
        'Zeit',
      ]),
    ]),
    list([
      'Der Baum wurde gefällt.',
      list([
        'SUBJP',
        'fällen',
        'Baum',
      ]),
    ]),
    list([
      'Anwohner protestieren heftig gegen die Autobahn.',
      list([
        'ADV',
        'protestieren',
        'heftig',
      ]),
      list([
        'PP',
        'protestieren',
        'Autobahn',
        'gegen',
      ]),
      list([
        'SUBJA',
        'protestieren',
        'Anwohner',
      ]),
    ]),
    list([
      'Sie empfinden das Aquarium der Natur nach.',
      list([
        'OBJ',
        'nachempfinden',
        'Aquarium',
      ]),
    ]),
    list([
      'Die Reporterin überreichte König Charles das Buch.',
      list([
        'SUBJA',
        'überreichen',
        'Reporterin',
      ]),
      list([
        'OBJO',
        'überreichen',
        'König',
      ]),
      list([
        'OBJ',
        'überreichen',
        'Buch',
      ]),
    ]),
    list([
      'Die Zivilgesellschaft erstattet dem Staat Korruptionsgelder zurück.',
      list([
        'SUBJA',
        'zurückerstatten',
        'Zivilgesellschaft',
      ]),
      list([
        'OBJO',
        'zurückerstatten',
        'Staat',
      ]),
    ]),
    list([
      'Die Funksprüche seiner Kinder kosten einen Fluglotsen den Job.',
      list([
        'SUBJA',
        'kosten',
        'Funkspruch',
      ]),
      list([
        'OBJO',
        'kosten',
        'Fluglotse',
      ]),
      list([
        'OBJ',
        'kosten',
        'Job',
      ]),
    ]),
    list([
      'Intel bezichtigt auch deren Kunden illegaler Handlungen.',
      list([
        'ATTR',
        'Handlunge',
        'illegal',
      ]),
      list([
        'OBJ',
        'bezichtigen',
        'Kunde',
      ]),
    ]),
    list([
      'Sitze gehören zur Sonderausstattung.',
      list([
        'PP',
        'gehören',
        'Sonderausstattung',
        'zu',
      ]),
      list([
        'SUBJA',
        'gehören',
        'Sitz',
      ]),
    ]),
    list([
      'Der Flughafen schließt für Passagierverkehr.',
      list([
        'PP',
        'schließen',
        'Passagierverkehr',
        'für',
      ]),
      list([
        'SUBJA',
        'schließen',
        'Flughafen',
      ]),
    ]),
    list([
      'Diese dienen als Input für Simulationen.',
      list([
        'PP',
        'Input',
        'Simulation',
        'für',
      ]),
      list([
        'PRED',
        'Input',
        'dienen',
      ]),
    ]),
    list([
      'Sie bezeichnet Berichte als Horrormeldungen.',
      list([
        'OBJ',
        'bezeichnen',
        'Bericht',
      ]),
      list([
        'PRED',
        'Horrormeldung',
        'bezeichnen',
      ]),
    ]),
    list([
      'indem sie ihnen pauschal Revanchismus uterstellen',
      list([
        'ADV',
        'uterstellen',
        'pauschal',
      ]),
      list([
        'OBJ',
        'uterstellen',
        'Revanchismus',
      ]),
    ]),
    list([
      'davon nutzt durchschnittlich knapp die Hälfte Internet',
      list([
        'ADV',
        'nutzen',
        'davon',
      ]),
      list([
        'ADV',
        'nutzen',
        'durchschnittlich',
      ]),
      list([
        'ADV',
        'nutzen',
        'knapp',
      ]),
      list([
        'SUBJA',
        'nutzen',
        'Hälfte',
      ]),
    ]),
    list([
      'Der Test schlug kläglich fehl.',
      list([
        'ADV',
        'fehlschlagen',
        'kläglich',
      ]),
      list([
        'SUBJA',
        'fehlschlagen',
        'Test',
      ]),
    ]),
    list([
      'Der Sprecher lehnt eine Stellungnahme ab.',
      list([
        'SUBJA',
        'ablehnen',
        'Sprecher',
      ]),
      list([
        'OBJ',
        'ablehnen',
        'Stellungnahme',
      ]),
    ]),
    list([
      'Der Sprecher bezeichnet dies als Spekulation und lehnt eine Stellungnahme ab.',
      list([
        'KON',
        'bezeichnen',
        'ablehnen',
      ]),
      list([
        'SUBJA',
        'bezeichnen',
        'Sprecher',
      ]),
      list([
        'OBJ',
        'ablehnen',
        'Stellungnahme',
      ]),
      list([
        'PRED',
        'Spekulation',
        'bezeichnen',
      ]),
    ]),
    list([
      'Sie steht auf und schläft ein.',
      list([
        'KON',
        'aufstehen',
        'einschlafen',
      ]),
    ]),
    list([
      'Frankreichs Innenminister lehnt eine grenzüberschreitend tätige Cyber-Polizei für sein Land ab.',
      list([
        'ADV',
        'tätig',
        'grenzüberschreitend',
      ]),
      list([
        'ATTR',
        'Cyber-Polizei',
        'tätig',
      ]),
      list([
        'PP',
        'ablehnen',
        'Land',
        'für',
      ]),
      list([
        'SUBJA',
        'ablehnen',
        'Innenminister',
      ]),
      list([
        'OBJ',
        'ablehnen',
        'Cyber-Polizei',
      ]),
    ]),
    list([
      'Eine Wiedertaufe lehnt er als Irrglauben ab.',
      list([
        'OBJ',
        'ablehnen',
        'Wiedertaufe',
      ]),
    ]),
    list([
      'das Jahrhunderthochwasser entlang der Elbe',
      list([
        'PP',
        'Jahrhunderthochwasser',
        'Elbe',
        'entlang',
      ]),
    ]),
    list([
      'Fall der Berliner Mauer',
      list([
        'ATTR',
        'Mauer',
        'Berliner',
      ]),
    ]),
    list([
      'die Anteilseigner von Europas größtem Werftenverband',
      list([
        'PP',
        'Anteilseigner',
        'Werftenverband',
        'von',
      ]),
      list([
        'ATTR',
        'Werftenverband',
        'groß',
      ]),
    ]),
    list([
      'der Prozessor erfreute sich eines mächtigen Grafikpartners',
      list([
        'ATTR',
        'Grafikpartner',
        'mächtig',
      ]),
      list([
        'SUBJA',
        'erfreuen',
        'Prozessor',
      ]),
      list([
        'OBJO',
        'erfreuen',
        'Grafikpartner',
      ]),
    ]),
    list([
      'Altlasten machen der Firma zu schaffen',
      list([
        'SUBJA',
        'machen',
        'Altlast',
      ]),
      list([
        'OBJO',
        'machen',
        'Firma',
      ]),
    ]),
    list([
      'der Verein bietet dem Druck Paroli',
      list([
        'SUBJA',
        'bieten',
        'Verein',
      ]),
      list([
        'OBJO',
        'bieten',
        'Druck',
      ]),
      list([
        'OBJ',
        'bieten',
        'Paroli',
      ]),
    ]),
    list([
      'Sie arbeitet drei Tage.',
    ]),
    list([
      'Sie gibt es ihr.',
    ]),
    list([
      'Im Untersuchungsausschuss kann man die Zwangsmittel des Strafprozesses einsetzen.',
      list([
        'PP',
        'einsetzen',
        'Untersuchungsausschuss',
        'in',
      ]),
      list([
        'GMOD',
        'Zwangsmittel',
        'Strafprozess',
      ]),
      list([
        'OBJ',
        'einsetzen',
        'Zwangsmittel',
      ]),
    ]),
    list([
      'Hausbesitzer befürchtet Wertminderung seines Grundstücks',
      list([
        'GMOD',
        'Wertminderung',
        'Grundstück',
      ]),
      list([
        'SUBJA',
        'befürchten',
        'Hausbesitzer',
      ]),
      list([
        'OBJ',
        'befürchten',
        'Wertminderung',
      ]),
    ]),
    list([
      'Hausbesitzer befürchten Wertminderung seiner Grundstücke',
      list([
        'SUBJA',
        'befürchten',
        'Hausbesitzer',
      ]),
      list([
        'OBJ',
        'befürchten',
        'Wertminderung',
      ]),
    ]),
    list([
      'Expertin erwartet Niederlage Deutschlands',
      list([
        'SUBJA',
        'erwarten',
        'Expertin',
      ]),
      list([
        'OBJ',
        'erwarten',
        'Niederlage',
      ]),
    ]),
    list([
      'der Präsident betont die Verantwortung aller',
      list([
        'SUBJA',
        'betonen',
        'Präsident',
      ]),
      list([
        'OBJ',
        'betonen',
        'Verantwortung',
      ]),
    ]),
    list([
      'die Regierung nennt Spitzenstellung unter den anderen Ländern als Grund',
      list([
        'PP',
        'Spitzenstellung',
        'Land',
        'unter',
      ]),
      list([
        'SUBJA',
        'nennen',
        'Regierung',
      ]),
      list([
        'OBJ',
        'nennen',
        'Spitzenstellung',
      ]),
      list([
        'PRED',
        'Grund',
        'nennen',
      ]),
    ]),
    list([
      'Die Studie bestätigt die amerikanische Spitzenstellung bei Waffenexporten',
      list([
        'ATTR',
        'Spitzenstellung',
        'amerikanisch',
      ]),
      list([
        'PP',
        'Spitzenstellung',
        'Waffenexport',
        'bei',
      ]),
      list([
        'SUBJA',
        'bestätigen',
        'Studie',
      ]),
      list([
        'OBJ',
        'bestätigen',
        'Spitzenstellung',
      ]),
    ]),
    list([
      'Sie wollen Änderungen beim Anteil des bezahlbaren Wohnraums erreichen.',
      list([
        'PP',
        'Änderung',
        'Anteil',
        'bei',
      ]),
      list([
        'ATTR',
        'Wohnraum',
        'bezahlbar',
      ]),
      list([
        'GMOD',
        'Anteil',
        'Wohnraum',
      ]),
      list([
        'OBJ',
        'erreichen',
        'Änderung',
      ]),
    ]),
    list([
      'Wir festigen Deutschlands Führungsrolle im Anti-Doping-Kampf',
      list([
        'PP',
        'Führungsrolle',
        'Anti-Doping-Kampf',
        'in',
      ]),
      list([
        'OBJ',
        'festigen',
        'Führungsrolle',
      ]),
    ]),
    list([
      'Nach einer mutmaßlichen Entführung am 9. Februar an der Natruper Straße haben die Ermittler einen weiteren Beschuldigten festgenommen.',
      list([
        'PP',
        'festnehmen',
        'Entführung',
        'nach',
      ]),
      list([
        'ATTR',
        'Entführung',
        'mutmaßlich',
      ]),
      list([
        'PP',
        'Entführung',
        'Februar',
        'an',
      ]),
      list([
        'ATTR',
        'Februar',
        '9.',
      ]),
      list([
        'PP',
        'Entführung',
        'Natruper',
        'an',
      ]),
      list([
        'ATTR',
        'Beschuldigte',
        'weit',
      ]),
      list([
        'SUBJA',
        'festnehmen',
        'Ermittler',
      ]),
      list([
        'OBJ',
        'festnehmen',
        'Beschuldigte',
      ]),
    ]),
    list([
      'Das Opfer (26) alarmierte dort die Polizei, die den 42-jährigen Beschuldigten festnahm.',
      list([
        'ADV',
        'alarmieren',
        'dort',
      ]),
      list([
        'ATTR',
        'Beschuldigte',
        '42-jährig',
      ]),
      list([
        'SUBJA',
        'alarmieren',
        'Opfer',
      ]),
      list([
        'SUBJA',
        'alarmieren',
        'Polizei',
      ]),
      list([
        'OBJ',
        'festnehmen',
        'Beschuldigte',
      ]),
    ]),
    list([
      'Welche Personen werden als Kandidaten aufgestellt.',
      list([
        'SUBJP',
        'aufstellen',
        'Person',
      ]),
    ]),
    list([
      'S. war in Berlin hoch angesehen.',
      list([
        'ADV',
        'ansehen',
        'hoch',
      ]),
    ]),
    list([
      'Der Alkoholkonsum sei bereits seit Jahresanfang gesunken.',
      list([
        'ADV',
        'sinken',
        'bereits',
      ]),
      list([
        'PP',
        'sinken',
        'Jahresanfang',
        'seit',
      ]),
    ]),
    list([
      'Als die Einsatzkräfte eintrafen, befanden sich Menschen auf der Fahrbahn.',
      list([
        'PP',
        'befinden',
        'Fahrbahn',
        'auf',
      ]),
      list([
        'SUBJA',
        'eintreffen',
        'Einsatzkraft',
      ]),
      list([
        'SUBJA',
        'befinden',
        'Mensch',
      ]),
      list([
        'PRED',
        'eintreffen',
        'befinden',
      ]),
    ]),
    list([
      'Als die Einsatzkräfte eingetroffen waren, befanden sich Menschen auf der Fahrbahn.',
      list([
        'PP',
        'befinden',
        'Fahrbahn',
        'auf',
      ]),
      list([
        'SUBJA',
        'befinden',
        'Mensch',
      ]),
    ]),
    list([
      'Das Amtsgericht sah es als erwiesen an.',
      list([
        'SUBJA',
        'ansehen',
        'Amtsgericht',
      ]),
    ]),
    list([
      'Bei Abstimmungen wurden mehr Stimmen gezählt, als Delegierte anwesend waren.',
      list([
        'PP',
        'zählen',
        'Abstimmung',
        'bei',
      ]),
      list([
        'SUBJP',
        'zählen',
        'Stimme',
      ]),
      list([
        'PREDC',
        'Delegierte',
        'anwesend',
      ]),
    ]),
    list([
      'Die Regierung will mehr ausgeben als einnehmen',
      list([
        'SUBJA',
        'ausgeben',
        'Regierung',
      ]),
    ]),
    list([
      'Das Schicksal der Vermissten bleibt ungeklärt.',
      list([
        'SUBJA',
        'bleiben',
        'Schicksal',
      ]),
      list([
        'PREDC',
        'ungeklärt',
        'Schicksal',
      ]),
    ]),
    list([
      'es bleibt mir nichts anderes übrig',
    ]),
  ])
# ---
